Dash is running on http://127.0.0.1:8055/

 * Serving Flask app 'test_dash'
 * Debug mode: off
WARNING: This is a development server. Do not use it in a production deployment. Use a production WSGI server instead.
 * Running on http://127.0.0.1:8055
Press CTRL+C to quit
